// Jest Snapshot v1, https://goo.gl/fbAQLP

exports[`markdown formatter should format significant changes properly 1`] = [
  '## Performance Comparison Report ðŸ“Š\n' +
    '\n' +
    '### Significant Changes To Duration\n' +
    '| Name           | Duration                                            |\n' +
    '| -------------- | --------------------------------------------------- |\n' +
    '| commentLinking | 131.681 ms â†’ 421.806 ms (+290.125 ms, +220.3%) ðŸ”´ðŸ”´ |\n' +
    '<details>\n' +
    '<summary>Show details</summary>\n' +
    '\n' +
    '| Name           | Duration                                                                                                                                                                                                                                                                                                                                                                                                                                                     |\n' +
    '| -------------- | ------------------------------------------------------------------------------------------------------------------------------------------------------------------------------------------------------------------------------------------------------------------------------------------------------------------------------------------------------------------------------------------------------------------------------------------------------------ |\n' +
    '| commentLinking | **Baseline**<br/>Mean: 131.681 ms<br/>Stdev: 19.883 ms (15.1%)<br/>Runs: 100.5145680010319 112.0048420019448 121.8861090019345 124.26110899820924 135.1571460030973 140.33837900310755 158.5825610011816 160.7034499980509<br/><br/>**Current**<br/>Mean: 421.806 ms<br/>Stdev: 30.185 ms (7.2%)<br/>Runs: 361.5145680010319 402.8861090019345 412.0048420019448 414.26110899820924 425.1571460030973 440.33837900310755 458.7034499980509 459.5825610011816 |\n' +
    '</details>\n' +
    '\n' +
    '\n' +
    '\n' +
    '### Meaningless Changes To Duration\n' +
    '_There are no entries_\n' +
    'undefined'
];
